[2m8:05:39 AM[22m [31m[1m[vite][22m[39m [31mInternal server error: Duplicate declaration "STARTER_KIN_METADATA"
[0m [90m 714 |[31m   createStarterPackCards()[33m.[31mfilter((card)[33m:[31m card is [33mCardType[31m [33m&[31m { name[33m:[31m [32m'Hiro'[31m [33m|[31m [32m'Mochi'[31m [33m|[31m [32m'Banks'[31m [33m|[31m [32m'Jet'[31m [33m|[31m [32m'Whis'[31m } [33m=>[31m names[33m.[31mincludes(card[33m.[31mname [36mas[31m [32m'Hiro'[31m [33m|[31m [32m'Mochi'[31m [33m|[31m [32m'Banks'[31m [33m|[31m [32m'Jet'[31m [33m|[31m [32m'Whis'[31m))[33m;[31m
 [90m 715 |[31m
[31m[1m>[22m[31m[90m 716 |[31m [36mconst[31m [33mSTARTER_KIN_METADATA[31m[33m:[31m [33mRecord[31m[33m<[31m[33mstring[31m[33m,[31m { benchWeight[33m:[31m number[33m;[31m abilityName[33m:[31m string [33m|[31m [36mnull[31m }[33m>[31m [33m=[31m {
 [90m     |[31m       [31m[1m^[22m[31m[31m[1m^[22m[31m[31m[1m^[22m[31m[31m[1m^[22m[31m[31m[1m^[22m[31m[31m[1m^[22m[31m[31m[1m^[22m[31m[31m[1m^[22m[31m[31m[1m^[22m[31m[31m[1m^[22m[31m[31m[1m^[22m[31m[31m[1m^[22m[31m[31m[1m^[22m[31m[31m[1m^[22m[31m[31m[1m^[22m[31m[31m[1m^[22m[31m[31m[1m^[22m[31m[31m[1m^[22m[31m[31m[1m^[22m[31m[31m[1m^[22m[31m[31m[1m^[22m[31m[31m[1m^[22m[31m[31m[1m^[22m[31m[31m[1m^[22m[31m[31m[1m^[22m[31m[31m[1m^[22m[31m[31m[1m^[22m[31m[31m[1m^[22m[31m[31m[1m^[22m[31m[31m[1m^[22m[31m[31m[1m^[22m[31m[31m[1m^[22m[31m[31m[1m^[22m[31m[31m[1m^[22m[31m[31m[1m^[22m[31m[31m[1m^[22m[31m[31m[1m^[22m[31m[31m[1m^[22m[31m[31m[1m^[22m[31m[31m[1m^[22m[31m[31m[1m^[22m[31m[31m[1m^[22m[31m[31m[1m^[22m[31m[31m[1m^[22m[31m[31m[1m^[22m[31m[31m[1m^[22m[31m[31m[1m^[22m[31m[31m[1m^[22m[31m[31m[1m^[22m[31m[31m[1m^[22m[31m[31m[1m^[22m[31m[31m[1m^[22m[31m[31m[1m^[22m[31m[31m[1m^[22m[31m[31m[1m^[22m[31m[31m[1m^[22m[31m[31m[1m^[22m[31m[31m[1m^[22m[31m[31m[1m^[22m[31m[31m[1m^[22m[31m[31m[1m^[22m[31m[31m[1m^[22m[31m[31m[1m^[22m[31m[31m[1m^[22m[31m[31m[1m^[22m[31m[31m[1m^[22m[31m[31m[1m^[22m[31m[31m[1m^[22m[31m[31m[1m^[22m[31m[31m[1m^[22m[31m[31m[1m^[22m[31m[31m[1m^[22m[31m[31m[1m^[22m[31m[31m[1m^[22m[31m[31m[1m^[22m[31m[31m[1m^[22m[31m[31m[1m^[22m[31m[31m[1m^[22m[31m[31m[1m^[22m[31m[31m[1m^[22m[31m[31m[1m^[22m[31m[31m[1m^[22m[31m[31m[1m^[22m[31m[31m[1m^[22m[31m[31m[1m^[22m[31m[31m[1m^[22m[31m[31m[1m^[22m[31m[31m[1m^[22m[31m[31m[1m^[22m[31m
 [90m 717 |[31m   [33mMochi[31m[33m:[31m { benchWeight[33m:[31m [35m1[31m[33m,[31m abilityName[33m:[31m [32m'Tap Out!'[31m }[33m,[31m
 [90m 718 |[31m   [33mBanks[31m[33m:[31m { benchWeight[33m:[31m [35m1[31m[33m,[31m abilityName[33m:[31m [36mnull[31m }[33m,[31m
 [90m 719 |[31m   [33mHiro[31m[33m:[31m { benchWeight[33m:[31m [35m1[31m[33m,[31m abilityName[33m:[31m [36mnull[31m }[33m,[31m[0m[39m
  Plugin: [35mvite:react-babel[39m
  File: [36mC:/dev/Exploritaire/src/golf/GolfGame.tsx[39m
      at File.buildCodeFrameError (C:\dev\Exploritaire\node_modules\@babel\core\lib\transformation\file\file.js:189:12)
      at Scope.checkBlockScopedCollisions (C:\dev\Exploritaire\node_modules\@babel\traverse\lib\scope\index.js:433:27)
      at Scope.registerBinding (C:\dev\Exploritaire\node_modules\@babel\traverse\lib\scope\index.js:530:16)
      at Scope.registerDeclaration (C:\dev\Exploritaire\node_modules\@babel\traverse\lib\scope\index.js:482:14)
      at Object.BlockScoped (C:\dev\Exploritaire\node_modules\@babel\traverse\lib\scope\index.js:276:12)
      at Object.newFn (C:\dev\Exploritaire\node_modules\@babel\traverse\lib\visitors.js:203:17)
      at NodePath._call (C:\dev\Exploritaire\node_modules\@babel\traverse\lib\path\context.js:50:20)
      at NodePath.call (C:\dev\Exploritaire\node_modules\@babel\traverse\lib\path\context.js:40:18)
      at NodePath.visit (C:\dev\Exploritaire\node_modules\@babel\traverse\lib\path\context.js:87:31)
      at TraversalContext.visitQueue (C:\dev\Exploritaire\node_modules\@babel\traverse\lib\context.js:90:16)
      at TraversalContext.visitMultiple (C:\dev\Exploritaire\node_modules\@babel\traverse\lib\context.js:62:17)
      at TraversalContext.visit (C:\dev\Exploritaire\node_modules\@babel\traverse\lib\context.js:111:19)
      at traverseNode (C:\dev\Exploritaire\node_modules\@babel\traverse\lib\traverse-node.js:130:17)
      at traverse (C:\dev\Exploritaire\node_modules\@babel\traverse\lib\index.js:53:34)
      at NodePath.traverse (C:\dev\Exploritaire\node_modules\@babel\traverse\lib\path\index.js:120:24)
      at Scope.crawl (C:\dev\Exploritaire\node_modules\@babel\traverse\lib\scope\index.js:695:10)
      at Scope.init (C:\dev\Exploritaire\node_modules\@babel\traverse\lib\scope\index.js:661:12)
      at NodePath.setScope (C:\dev\Exploritaire\node_modules\@babel\traverse\lib\path\context.js:139:55)
      at NodePath.setContext (C:\dev\Exploritaire\node_modules\@babel\traverse\lib\path\context.js:151:12)
      at new File (C:\dev\Exploritaire\node_modules\@babel\core\lib\transformation\file\file.js:80:8)
      at normalizeFile (C:\dev\Exploritaire\node_modules\@babel\core\lib\transformation\normalize-file.js:96:10)
      at normalizeFile.next (<anonymous>)
      at run (C:\dev\Exploritaire\node_modules\@babel\core\lib\transformation\index.js:22:50)
      at run.next (<anonymous>)
      at transform (C:\dev\Exploritaire\node_modules\@babel\core\lib\transform.js:22:33)
      at transform.next (<anonymous>)
      at step (C:\dev\Exploritaire\node_modules\gensync\index.js:261:32)
      at C:\dev\Exploritaire\node_modules\gensync\index.js:273:13
      at async.call.result.err.err (C:\dev\Exploritaire\node_modules\gensync\index.js:223:11)
      at C:\dev\Exploritaire\node_modules\gensync\index.js:189:28
      at C:\dev\Exploritaire\node_modules\@babel\core\lib\gensync-utils\async.js:67:7
      at C:\dev\Exploritaire\node_modules\gensync\index.js:113:33
      at step (C:\dev\Exploritaire\node_modules\gensync\index.js:287:14)
      at C:\dev\Exploritaire\node_modules\gensync\index.js:273:13
      at async.call.result.err.err (C:\dev\Exploritaire\node_modules\gensync\index.js:223:11)
[2m8:06:08 AM[22m [31m[1m[vite][22m[39m [31mInternal server error: Duplicate declaration "STARTER_KIN_METADATA"
[0m [90m 713 |[31m   createStarterPackCards()[33m.[31mfilter((card)[33m:[31m card is [33mCardType[31m [33m&[31m { name[33m:[31m [32m'Hiro'[31m [33m|[31m [32m'Mochi'[31m [33m|[31m [32m'Banks'[31m [33m|[31m [32m'Jet'[31m [33m|[31m [32m'Whis'[31m } [33m=>[31m names[33m.[31mincludes(card[33m.[31mname [36mas[31m [32m'Hiro'[31m [33m|[31m [32m'Mochi'[31m [33m|[31m [32m'Banks'[31m [33m|[31m [32m'Jet'[31m [33m|[31m [32m'Whis'[31m))[33m;[31m
 [90m 714 |[31m
[31m[1m>[22m[31m[90m 715 |[31m [36mconst[31m [33mSTARTER_KIN_METADATA[31m[33m:[31m [33mRecord[31m[33m<[31m[33mstring[31m[33m,[31m { benchWeight[33m:[31m number[33m;[31m abilityName[33m:[31m string [33m|[31m [36mnull[31m }[33m>[31m [33m=[31m {
 [90m     |[31m       [31m[1m^[22m[31m[31m[1m^[22m[31m[31m[1m^[22m[31m[31m[1m^[22m[31m[31m[1m^[22m[31m[31m[1m^[22m[31m[31m[1m^[22m[31m[31m[1m^[22m[31m[31m[1m^[22m[31m[31m[1m^[22m[31m[31m[1m^[22m[31m[31m[1m^[22m[31m[31m[1m^[22m[31m[31m[1m^[22m[31m[31m[1m^[22m[31m[31m[1m^[22m[31m[31m[1m^[22m[31m[31m[1m^[22m[31m[31m[1m^[22m[31m[31m[1m^[22m[31m[31m[1m^[22m[31m[31m[1m^[22m[31m[31m[1m^[22m[31m[31m[1m^[22m[31m[31m[1m^[22m[31m[31m[1m^[22m[31m[31m[1m^[22m[31m[31m[1m^[22m[31m[31m[1m^[22m[31m[31m[1m^[22m[31m[31m[1m^[22m[31m[31m[1m^[22m[31m[31m[1m^[22m[31m[31m[1m^[22m[31m[31m[1m^[22m[31m[31m[1m^[22m[31m[31m[1m^[22m[31m[31m[1m^[22m[31m[31m[1m^[22m[31m[31m[1m^[22m[31m[31m[1m^[22m[31m[31m[1m^[22m[31m[31m[1m^[22m[31m[31m[1m^[22m[31m[31m[1m^[22m[31m[31m[1m^[22m[31m[31m[1m^[22m[31m[31m[1m^[22m[31m[31m[1m^[22m[31m[31m[1m^[22m[31m[31m[1m^[22m[31m[31m[1m^[22m[31m[31m[1m^[22m[31m[31m[1m^[22m[31m[31m[1m^[22m[31m[31m[1m^[22m[31m[31m[1m^[22m[31m[31m[1m^[22m[31m[31m[1m^[22m[31m[31m[1m^[22m[31m[31m[1m^[22m[31m[31m[1m^[22m[31m[31m[1m^[22m[31m[31m[1m^[22m[31m[31m[1m^[22m[31m[31m[1m^[22m[31m[31m[1m^[22m[31m[31m[1m^[22m[31m[31m[1m^[22m[31m[31m[1m^[22m[31m[31m[1m^[22m[31m[31m[1m^[22m[31m[31m[1m^[22m[31m[31m[1m^[22m[31m[31m[1m^[22m[31m[31m[1m^[22m[31m[31m[1m^[22m[31m[31m[1m^[22m[31m[31m[1m^[22m[31m[31m[1m^[22m[31m[31m[1m^[22m[31m[31m[1m^[22m[31m[31m[1m^[22m[31m[31m[1m^[22m[31m[31m[1m^[22m[31m[31m[1m^[22m[31m[31m[1m^[22m[31m[31m[1m^[22m[31m[31m[1m^[22m[31m
 [90m 716 |[31m   [33mMochi[31m[33m:[31m { benchWeight[33m:[31m [35m1[31m[33m,[31m abilityName[33m:[31m [32m'Tap Out!'[31m }[33m,[31m
 [90m 717 |[31m   [33mBanks[31m[33m:[31m { benchWeight[33m:[31m [35m1[31m[33m,[31m abilityName[33m:[31m [36mnull[31m }[33m,[31m
 [90m 718 |[31m   [33mHiro[31m[33m:[31m { benchWeight[33m:[31m [35m1[31m[33m,[31m abilityName[33m:[31m [36mnull[31m }[33m,[31m[0m[39m
  Plugin: [35mvite:react-babel[39m
  File: [36mC:/dev/Exploritaire/src/golf/GolfGame.tsx[39m
      at File.buildCodeFrameError (C:\dev\Exploritaire\node_modules\@babel\core\lib\transformation\file\file.js:189:12)
      at Scope.checkBlockScopedCollisions (C:\dev\Exploritaire\node_modules\@babel\traverse\lib\scope\index.js:433:27)
      at Scope.registerBinding (C:\dev\Exploritaire\node_modules\@babel\traverse\lib\scope\index.js:530:16)
      at Scope.registerDeclaration (C:\dev\Exploritaire\node_modules\@babel\traverse\lib\scope\index.js:482:14)
      at Object.BlockScoped (C:\dev\Exploritaire\node_modules\@babel\traverse\lib\scope\index.js:276:12)
      at Object.newFn (C:\dev\Exploritaire\node_modules\@babel\traverse\lib\visitors.js:203:17)
      at NodePath._call (C:\dev\Exploritaire\node_modules\@babel\traverse\lib\path\context.js:50:20)
      at NodePath.call (C:\dev\Exploritaire\node_modules\@babel\traverse\lib\path\context.js:40:18)
      at NodePath.visit (C:\dev\Exploritaire\node_modules\@babel\traverse\lib\path\context.js:87:31)
      at TraversalContext.visitQueue (C:\dev\Exploritaire\node_modules\@babel\traverse\lib\context.js:90:16)
      at TraversalContext.visitMultiple (C:\dev\Exploritaire\node_modules\@babel\traverse\lib\context.js:62:17)
      at TraversalContext.visit (C:\dev\Exploritaire\node_modules\@babel\traverse\lib\context.js:111:19)
      at traverseNode (C:\dev\Exploritaire\node_modules\@babel\traverse\lib\traverse-node.js:130:17)
      at traverse (C:\dev\Exploritaire\node_modules\@babel\traverse\lib\index.js:53:34)
      at NodePath.traverse (C:\dev\Exploritaire\node_modules\@babel\traverse\lib\path\index.js:120:24)
      at Scope.crawl (C:\dev\Exploritaire\node_modules\@babel\traverse\lib\scope\index.js:695:10)
      at Scope.init (C:\dev\Exploritaire\node_modules\@babel\traverse\lib\scope\index.js:661:12)
      at NodePath.setScope (C:\dev\Exploritaire\node_modules\@babel\traverse\lib\path\context.js:139:55)
      at NodePath.setContext (C:\dev\Exploritaire\node_modules\@babel\traverse\lib\path\context.js:151:12)
      at new File (C:\dev\Exploritaire\node_modules\@babel\core\lib\transformation\file\file.js:80:8)
      at normalizeFile (C:\dev\Exploritaire\node_modules\@babel\core\lib\transformation\normalize-file.js:96:10)
      at normalizeFile.next (<anonymous>)
      at run (C:\dev\Exploritaire\node_modules\@babel\core\lib\transformation\index.js:22:50)
      at run.next (<anonymous>)
      at transform (C:\dev\Exploritaire\node_modules\@babel\core\lib\transform.js:22:33)
      at transform.next (<anonymous>)
      at step (C:\dev\Exploritaire\node_modules\gensync\index.js:261:32)
      at C:\dev\Exploritaire\node_modules\gensync\index.js:273:13
      at async.call.result.err.err (C:\dev\Exploritaire\node_modules\gensync\index.js:223:11)
      at C:\dev\Exploritaire\node_modules\gensync\index.js:189:28
      at C:\dev\Exploritaire\node_modules\@babel\core\lib\gensync-utils\async.js:67:7
      at C:\dev\Exploritaire\node_modules\gensync\index.js:113:33
      at step (C:\dev\Exploritaire\node_modules\gensync\index.js:287:14)
      at C:\dev\Exploritaire\node_modules\gensync\index.js:273:13
      at async.call.result.err.err (C:\dev\Exploritaire\node_modules\gensync\index.js:223:11)
[2m8:06:22 AM[22m [31m[1m[vite][22m[39m [31mInternal server error: Duplicate declaration "STARTER_KIN_METADATA"
[0m [90m 690 |[31m   createStarterPackCards()[33m.[31mfilter((card)[33m:[31m card is [33mCardType[31m [33m&[31m { name[33m:[31m [32m'Hiro'[31m [33m|[31m [32m'Mochi'[31m [33m|[31m [32m'Banks'[31m [33m|[31m [32m'Jet'[31m [33m|[31m [32m'Whis'[31m } [33m=>[31m names[33m.[31mincludes(card[33m.[31mname [36mas[31m [32m'Hiro'[31m [33m|[31m [32m'Mochi'[31m [33m|[31m [32m'Banks'[31m [33m|[31m [32m'Jet'[31m [33m|[31m [32m'Whis'[31m))[33m;[31m
 [90m 691 |[31m
[31m[1m>[22m[31m[90m 692 |[31m [36mconst[31m [33mSTARTER_KIN_METADATA[31m[33m:[31m [33mRecord[31m[33m<[31m[33mstring[31m[33m,[31m { benchWeight[33m:[31m number[33m;[31m abilityName[33m:[31m string [33m|[31m [36mnull[31m }[33m>[31m [33m=[31m {
 [90m     |[31m       [31m[1m^[22m[31m[31m[1m^[22m[31m[31m[1m^[22m[31m[31m[1m^[22m[31m[31m[1m^[22m[31m[31m[1m^[22m[31m[31m[1m^[22m[31m[31m[1m^[22m[31m[31m[1m^[22m[31m[31m[1m^[22m[31m[31m[1m^[22m[31m[31m[1m^[22m[31m[31m[1m^[22m[31m[31m[1m^[22m[31m[31m[1m^[22m[31m[31m[1m^[22m[31m[31m[1m^[22m[31m[31m[1m^[22m[31m[31m[1m^[22m[31m[31m[1m^[22m[31m[31m[1m^[22m[31m[31m[1m^[22m[31m[31m[1m^[22m[31m[31m[1m^[22m[31m[31m[1m^[22m[31m[31m[1m^[22m[31m[31m[1m^[22m[31m[31m[1m^[22m[31m[31m[1m^[22m[31m[31m[1m^[22m[31m[31m[1m^[22m[31m[31m[1m^[22m[31m[31m[1m^[22m[31m[31m[1m^[22m[31m[31m[1m^[22m[31m[31m[1m^[22m[31m[31m[1m^[22m[31m[31m[1m^[22m[31m[31m[1m^[22m[31m[31m[1m^[22m[31m[31m[1m^[22m[31m[31m[1m^[22m[31m[31m[1m^[22m[31m[31m[1m^[22m[31m[31m[1m^[22m[31m[31m[1m^[22m[31m[31m[1m^[22m[31m[31m[1m^[22m[31m[31m[1m^[22m[31m[31m[1m^[22m[31m[31m[1m^[22m[31m[31m[1m^[22m[31m[31m[1m^[22m[31m[31m[1m^[22m[31m[31m[1m^[22m[31m[31m[1m^[22m[31m[31m[1m^[22m[31m[31m[1m^[22m[31m[31m[1m^[22m[31m[31m[1m^[22m[31m[31m[1m^[22m[31m[31m[1m^[22m[31m[31m[1m^[22m[31m[31m[1m^[22m[31m[31m[1m^[22m[31m[31m[1m^[22m[31m[31m[1m^[22m[31m[31m[1m^[22m[31m[31m[1m^[22m[31m[31m[1m^[22m[31m[31m[1m^[22m[31m[31m[1m^[22m[31m[31m[1m^[22m[31m[31m[1m^[22m[31m[31m[1m^[22m[31m[31m[1m^[22m[31m[31m[1m^[22m[31m[31m[1m^[22m[31m[31m[1m^[22m[31m[31m[1m^[22m[31m[31m[1m^[22m[31m[31m[1m^[22m[31m[31m[1m^[22m[31m[31m[1m^[22m[31m[31m[1m^[22m[31m[31m[1m^[22m[31m[31m[1m^[22m[31m[31m[1m^[22m[31m[31m[1m^[22m[31m
 [90m 693 |[31m   [33mMochi[31m[33m:[31m { benchWeight[33m:[31m [35m1[31m[33m,[31m abilityName[33m:[31m [32m'Tap Out!'[31m }[33m,[31m
 [90m 694 |[31m   [33mBanks[31m[33m:[31m { benchWeight[33m:[31m [35m1[31m[33m,[31m abilityName[33m:[31m [36mnull[31m }[33m,[31m
 [90m 695 |[31m   [33mHiro[31m[33m:[31m { benchWeight[33m:[31m [35m1[31m[33m,[31m abilityName[33m:[31m [36mnull[31m }[33m,[31m[0m[39m
  Plugin: [35mvite:react-babel[39m
  File: [36mC:/dev/Exploritaire/src/golf/GolfGame.tsx[39m
      at File.buildCodeFrameError (C:\dev\Exploritaire\node_modules\@babel\core\lib\transformation\file\file.js:189:12)
      at Scope.checkBlockScopedCollisions (C:\dev\Exploritaire\node_modules\@babel\traverse\lib\scope\index.js:433:27)
      at Scope.registerBinding (C:\dev\Exploritaire\node_modules\@babel\traverse\lib\scope\index.js:530:16)
      at Scope.registerDeclaration (C:\dev\Exploritaire\node_modules\@babel\traverse\lib\scope\index.js:482:14)
      at Object.BlockScoped (C:\dev\Exploritaire\node_modules\@babel\traverse\lib\scope\index.js:276:12)
      at Object.newFn (C:\dev\Exploritaire\node_modules\@babel\traverse\lib\visitors.js:203:17)
      at NodePath._call (C:\dev\Exploritaire\node_modules\@babel\traverse\lib\path\context.js:50:20)
      at NodePath.call (C:\dev\Exploritaire\node_modules\@babel\traverse\lib\path\context.js:40:18)
      at NodePath.visit (C:\dev\Exploritaire\node_modules\@babel\traverse\lib\path\context.js:87:31)
      at TraversalContext.visitQueue (C:\dev\Exploritaire\node_modules\@babel\traverse\lib\context.js:90:16)
      at TraversalContext.visitMultiple (C:\dev\Exploritaire\node_modules\@babel\traverse\lib\context.js:62:17)
      at TraversalContext.visit (C:\dev\Exploritaire\node_modules\@babel\traverse\lib\context.js:111:19)
      at traverseNode (C:\dev\Exploritaire\node_modules\@babel\traverse\lib\traverse-node.js:130:17)
      at traverse (C:\dev\Exploritaire\node_modules\@babel\traverse\lib\index.js:53:34)
      at NodePath.traverse (C:\dev\Exploritaire\node_modules\@babel\traverse\lib\path\index.js:120:24)
      at Scope.crawl (C:\dev\Exploritaire\node_modules\@babel\traverse\lib\scope\index.js:695:10)
      at Scope.init (C:\dev\Exploritaire\node_modules\@babel\traverse\lib\scope\index.js:661:12)
      at NodePath.setScope (C:\dev\Exploritaire\node_modules\@babel\traverse\lib\path\context.js:139:55)
      at NodePath.setContext (C:\dev\Exploritaire\node_modules\@babel\traverse\lib\path\context.js:151:12)
      at new File (C:\dev\Exploritaire\node_modules\@babel\core\lib\transformation\file\file.js:80:8)
      at normalizeFile (C:\dev\Exploritaire\node_modules\@babel\core\lib\transformation\normalize-file.js:96:10)
      at normalizeFile.next (<anonymous>)
      at run (C:\dev\Exploritaire\node_modules\@babel\core\lib\transformation\index.js:22:50)
      at run.next (<anonymous>)
      at transform (C:\dev\Exploritaire\node_modules\@babel\core\lib\transform.js:22:33)
      at transform.next (<anonymous>)
      at step (C:\dev\Exploritaire\node_modules\gensync\index.js:261:32)
      at C:\dev\Exploritaire\node_modules\gensync\index.js:273:13
      at async.call.result.err.err (C:\dev\Exploritaire\node_modules\gensync\index.js:223:11)
      at C:\dev\Exploritaire\node_modules\gensync\index.js:189:28
      at C:\dev\Exploritaire\node_modules\@babel\core\lib\gensync-utils\async.js:67:7
      at C:\dev\Exploritaire\node_modules\gensync\index.js:113:33
      at step (C:\dev\Exploritaire\node_modules\gensync\index.js:287:14)
      at C:\dev\Exploritaire\node_modules\gensync\index.js:273:13
      at async.call.result.err.err (C:\dev\Exploritaire\node_modules\gensync\index.js:223:11)
[2m8:06:53 AM[22m [31m[1m[vite][22m[39m [31mInternal server error: Duplicate declaration "getStarterAbilityByEffect"
[0m [90m 3000 |[31m }[33m;[31m
 [90m 3001 |[31m
[31m[1m>[22m[31m[90m 3002 |[31m [36mconst[31m getStarterAbilityByEffect [33m=[31m (effect[33m:[31m [33mPlayerHandSlot[31m[[32m'effect'[31m]) [33m=>[31m (
 [90m      |[31m       [31m[1m^[22m[31m[31m[1m^[22m[31m[31m[1m^[22m[31m[31m[1m^[22m[31m[31m[1m^[22m[31m[31m[1m^[22m[31m[31m[1m^[22m[31m[31m[1m^[22m[31m[31m[1m^[22m[31m[31m[1m^[22m[31m[31m[1m^[22m[31m[31m[1m^[22m[31m[31m[1m^[22m[31m[31m[1m^[22m[31m[31m[1m^[22m[31m[31m[1m^[22m[31m[31m[1m^[22m[31m[31m[1m^[22m[31m[31m[1m^[22m[31m[31m[1m^[22m[31m[31m[1m^[22m[31m[31m[1m^[22m[31m[31m[1m^[22m[31m[31m[1m^[22m[31m[31m[1m^[22m[31m
 [90m 3003 |[31m   [33mObject[31m[33m.[31mvalues([33mSTARTER_ABILITIES[31m)
 [90m 3004 |[31m     [33m.[31mflat()
 [90m 3005 |[31m     [33m.[31mfind((ability) [33m=>[31m ability[33m.[31meffect [33m===[31m effect) [33m?[31m[33m?[31m [36mnull[31m[0m[39m
  Plugin: [35mvite:react-babel[39m
  File: [36mC:/dev/Exploritaire/src/golf/GolfGame.tsx[39m
      at File.buildCodeFrameError (C:\dev\Exploritaire\node_modules\@babel\core\lib\transformation\file\file.js:189:12)
      at Scope.checkBlockScopedCollisions (C:\dev\Exploritaire\node_modules\@babel\traverse\lib\scope\index.js:433:27)
      at Scope.registerBinding (C:\dev\Exploritaire\node_modules\@babel\traverse\lib\scope\index.js:530:16)
      at Scope.registerDeclaration (C:\dev\Exploritaire\node_modules\@babel\traverse\lib\scope\index.js:482:14)
      at Object.BlockScoped (C:\dev\Exploritaire\node_modules\@babel\traverse\lib\scope\index.js:276:12)
      at Object.newFn (C:\dev\Exploritaire\node_modules\@babel\traverse\lib\visitors.js:203:17)
      at NodePath._call (C:\dev\Exploritaire\node_modules\@babel\traverse\lib\path\context.js:50:20)
      at NodePath.call (C:\dev\Exploritaire\node_modules\@babel\traverse\lib\path\context.js:40:18)
      at NodePath.visit (C:\dev\Exploritaire\node_modules\@babel\traverse\lib\path\context.js:87:31)
      at TraversalContext.visitQueue (C:\dev\Exploritaire\node_modules\@babel\traverse\lib\context.js:90:16)
      at TraversalContext.visitMultiple (C:\dev\Exploritaire\node_modules\@babel\traverse\lib\context.js:62:17)
      at TraversalContext.visit (C:\dev\Exploritaire\node_modules\@babel\traverse\lib\context.js:111:19)
      at traverseNode (C:\dev\Exploritaire\node_modules\@babel\traverse\lib\traverse-node.js:130:17)
      at traverse (C:\dev\Exploritaire\node_modules\@babel\traverse\lib\index.js:53:34)
      at NodePath.traverse (C:\dev\Exploritaire\node_modules\@babel\traverse\lib\path\index.js:120:24)
      at Scope.crawl (C:\dev\Exploritaire\node_modules\@babel\traverse\lib\scope\index.js:695:10)
      at Scope.init (C:\dev\Exploritaire\node_modules\@babel\traverse\lib\scope\index.js:661:12)
      at NodePath.setScope (C:\dev\Exploritaire\node_modules\@babel\traverse\lib\path\context.js:139:55)
      at NodePath.setContext (C:\dev\Exploritaire\node_modules\@babel\traverse\lib\path\context.js:151:12)
      at new File (C:\dev\Exploritaire\node_modules\@babel\core\lib\transformation\file\file.js:80:8)
      at normalizeFile (C:\dev\Exploritaire\node_modules\@babel\core\lib\transformation\normalize-file.js:96:10)
      at normalizeFile.next (<anonymous>)
      at run (C:\dev\Exploritaire\node_modules\@babel\core\lib\transformation\index.js:22:50)
      at run.next (<anonymous>)
      at transform (C:\dev\Exploritaire\node_modules\@babel\core\lib\transform.js:22:33)
      at transform.next (<anonymous>)
      at step (C:\dev\Exploritaire\node_modules\gensync\index.js:261:32)
      at C:\dev\Exploritaire\node_modules\gensync\index.js:273:13
      at async.call.result.err.err (C:\dev\Exploritaire\node_modules\gensync\index.js:223:11)
      at C:\dev\Exploritaire\node_modules\gensync\index.js:189:28
      at C:\dev\Exploritaire\node_modules\@babel\core\lib\gensync-utils\async.js:67:7
      at C:\dev\Exploritaire\node_modules\gensync\index.js:113:33
      at step (C:\dev\Exploritaire\node_modules\gensync\index.js:287:14)
      at C:\dev\Exploritaire\node_modules\gensync\index.js:273:13
      at async.call.result.err.err (C:\dev\Exploritaire\node_modules\gensync\index.js:223:11)
